
PROGRAM "C:\HCS08_Unleashed\Chapter13\Example2\bin\Project.abs"

*********************************************************************************************
TARGET SECTION
---------------------------------------------------------------------------------------------
Processor   : Freescale HC08
Memory Model: SMALL
File Format : ELF\DWARF 2.0
Linker      : SmartLinker V-5.0.30 Build 7134, May 15 2007

*********************************************************************************************
FILE SECTION
---------------------------------------------------------------------------------------------
main.c.o                                Model: SMALL,         Lang: ANSI-C
RTSHC08.C.o (ansiis.lib)                Model: SMALL,         Lang: ANSI-C
Start08.c.o                             Model: SMALL,         Lang: ANSI-C
MC9S08QG8.C.o                           Model: SMALL,         Lang: ANSI-C

*********************************************************************************************
STARTUP SECTION
---------------------------------------------------------------------------------------------
Entry point: 0xE07B (_Startup)
_startupData is allocated at 0xE084 and uses 6 Bytes
extern struct _tagStartup {
  unsigned nofZeroOut     1
  _Range   pZeroOut       0x100     24
  _Copy    *toCopyDownBeg 0xE608
} _startupData;

*********************************************************************************************
SECTION-ALLOCATION SECTION
Section Name                    Size  Type     From       To       Segment
---------------------------------------------------------------------------------------------
.init                            132     R     0xE000     0xE083   ROM
.startData                        14     R     0xE084     0xE091   ROM
.rodata1                          33     R     0xE092     0xE0B2   ROM
.text                           1365     R     0xE0B3     0xE607   ROM
.copy                              2     R     0xE608     0xE609   ROM
.abs_section_fff0                  2     R     0xFFF0     0xFFF1   .absSeg0
.abs_section_ffd8                  2     R     0xFFD8     0xFFD9   .absSeg1
.abs_section_0                     1   N/I        0x0        0x0   .absSeg2
.abs_section_1                     1   N/I        0x1        0x1   .absSeg3
.abs_section_2                     1   N/I        0x2        0x2   .absSeg4
.abs_section_3                     1   N/I        0x3        0x3   .absSeg5
.abs_section_c                     1   N/I        0xC        0xC   .absSeg6
.abs_section_d                     1   N/I        0xD        0xD   .absSeg7
.abs_section_e                     1   N/I        0xE        0xE   .absSeg8
.abs_section_f                     1   N/I        0xF        0xF   .absSeg9
.abs_section_10                    1   N/I       0x10       0x10   .absSeg10
.abs_section_11                    1   N/I       0x11       0x11   .absSeg11
.abs_section_16                    1   N/I       0x16       0x16   .absSeg12
.abs_section_17                    1   N/I       0x17       0x17   .absSeg13
.abs_section_1a                    1   N/I       0x1A       0x1A   .absSeg14
.abs_section_22                    1   N/I       0x22       0x22   .absSeg15
.abs_section_23                    1   N/I       0x23       0x23   .absSeg16
.abs_section_24                    1   N/I       0x24       0x24   .absSeg17
.abs_section_25                    1   N/I       0x25       0x25   .absSeg18
.abs_section_26                    1   N/I       0x26       0x26   .absSeg19
.abs_section_27                    1   N/I       0x27       0x27   .absSeg20
.abs_section_28                    1   N/I       0x28       0x28   .absSeg21
.abs_section_29                    1   N/I       0x29       0x29   .absSeg22
.abs_section_2a                    1   N/I       0x2A       0x2A   .absSeg23
.abs_section_2b                    1   N/I       0x2B       0x2B   .absSeg24
.abs_section_2d                    1   N/I       0x2D       0x2D   .absSeg25
.abs_section_30                    1   N/I       0x30       0x30   .absSeg26
.abs_section_31                    1   N/I       0x31       0x31   .absSeg27
.abs_section_32                    1   N/I       0x32       0x32   .absSeg28
.abs_section_33                    1   N/I       0x33       0x33   .absSeg29
.abs_section_34                    1   N/I       0x34       0x34   .absSeg30
.abs_section_38                    1   N/I       0x38       0x38   .absSeg31
.abs_section_39                    1   N/I       0x39       0x39   .absSeg32
.abs_section_3a                    1   N/I       0x3A       0x3A   .absSeg33
.abs_section_3b                    1   N/I       0x3B       0x3B   .absSeg34
.abs_section_3c                    1   N/I       0x3C       0x3C   .absSeg35
.abs_section_3d                    1   N/I       0x3D       0x3D   .absSeg36
.abs_section_3e                    1   N/I       0x3E       0x3E   .absSeg37
.abs_section_3f                    1   N/I       0x3F       0x3F   .absSeg38
.abs_section_40                    1   N/I       0x40       0x40   .absSeg39
.abs_section_45                    1   N/I       0x45       0x45   .absSeg40
.abs_section_48                    1   N/I       0x48       0x48   .absSeg41
.abs_section_1800                  1   N/I     0x1800     0x1800   .absSeg42
.abs_section_1801                  1   N/I     0x1801     0x1801   .absSeg43
.abs_section_1802                  1   N/I     0x1802     0x1802   .absSeg44
.abs_section_1803                  1   N/I     0x1803     0x1803   .absSeg45
.abs_section_1808                  1   N/I     0x1808     0x1808   .absSeg46
.abs_section_1809                  1   N/I     0x1809     0x1809   .absSeg47
.abs_section_180a                  1   N/I     0x180A     0x180A   .absSeg48
.abs_section_180c                  1   N/I     0x180C     0x180C   .absSeg49
.abs_section_1810                  1   N/I     0x1810     0x1810   .absSeg50
.abs_section_1811                  1   N/I     0x1811     0x1811   .absSeg51
.abs_section_1812                  1   N/I     0x1812     0x1812   .absSeg52
.abs_section_1813                  1   N/I     0x1813     0x1813   .absSeg53
.abs_section_1816                  1   N/I     0x1816     0x1816   .absSeg54
.abs_section_1817                  1   N/I     0x1817     0x1817   .absSeg55
.abs_section_1818                  1   N/I     0x1818     0x1818   .absSeg56
.abs_section_1820                  1   N/I     0x1820     0x1820   .absSeg57
.abs_section_1821                  1   N/I     0x1821     0x1821   .absSeg58
.abs_section_1823                  1   N/I     0x1823     0x1823   .absSeg59
.abs_section_1824                  1   N/I     0x1824     0x1824   .absSeg60
.abs_section_1825                  1   N/I     0x1825     0x1825   .absSeg61
.abs_section_1826                  1   N/I     0x1826     0x1826   .absSeg62
.abs_section_1840                  1   N/I     0x1840     0x1840   .absSeg63
.abs_section_1841                  1   N/I     0x1841     0x1841   .absSeg64
.abs_section_1842                  1   N/I     0x1842     0x1842   .absSeg65
.abs_section_1844                  1   N/I     0x1844     0x1844   .absSeg66
.abs_section_1845                  1   N/I     0x1845     0x1845   .absSeg67
.abs_section_1846                  1   N/I     0x1846     0x1846   .absSeg68
.abs_section_12                    2   N/I       0x12       0x13   .absSeg69
.abs_section_14                    2   N/I       0x14       0x15   .absSeg70
.abs_section_20                    2   N/I       0x20       0x21   .absSeg71
.abs_section_41                    2   N/I       0x41       0x42   .absSeg72
.abs_section_43                    2   N/I       0x43       0x44   .absSeg73
.abs_section_46                    2   N/I       0x46       0x47   .absSeg74
.abs_section_49                    2   N/I       0x49       0x4A   .absSeg75
.abs_section_1806                  2   N/I     0x1806     0x1807   .absSeg76
.abs_section_1814                  2   N/I     0x1814     0x1815   .absSeg77
.bss                               2   R/W      0x100      0x101   RAM
.common                           22   R/W      0x102      0x117   RAM
.stack                            80   R/W      0x118      0x167   RAM
.vectSeg78_vect                    2     R     0xFFFE     0xFFFF   .vectSeg78

Summary of section sizes per section type:
READ_ONLY (R):         610 (dec:     1552)
READ_WRITE (R/W):       68 (dec:      104)
NO_INIT (N/I):          55 (dec:       85)

*********************************************************************************************
VECTOR-ALLOCATION SECTION
    Address     InitValue   InitFunction
---------------------------------------------------------------------------------------------
     0xFFFE        0xE07B   _Startup

*********************************************************************************************
OBJECT-ALLOCATION SECTION
     Name               Module                 Addr   hSize   dSize     Ref    Section   RLIB
---------------------------------------------------------------------------------------------
MODULE:                 -- main.c.o --
- PROCEDURES:
     LCD_delay_ms                              E0B3      23      35       3   .text       
     LCD_send_nibble                           E0D6      39      57       4   .text       
     LCD_send_byte                             E10F      34      52       7   .text       
     LCD_init                                  E143      5A      90       1   .text       
     LCD_pos_xy                                E19D      1D      29       4   .text       
     LCD_write_char                            E1BA      30      48       2   .text       
     LCD_write_string                          E1EA      19      25       3   .text       
     tpm_isr                                   E203      14      20       1   .text       
     adc_isr                                   E217      6E     110       1   .text       
     bin_to_string                             E285      7B     123       1   .text       
     main                                      E300     16E     366       6   .text       
- VARIABLES:
     STRING.HCS08.Unleashed..2                 E092      11      17       1   .rodata1    
     STRING.Int.temp....3                      E0A3       C      12       1   .rodata1    
     STRING.....4                              E0AF       4       4       1   .rodata1    
     lcd_mode                                   100       1       1       1   .bss        
     adc_seq.1                                  101       1       1       3   .bss        
     _Vector_7                                 FFF0       2       2       0   .abs_section_fff0
     _Vector_19                                FFD8       2       2       0   .abs_section_ffd8
     average_temp                               102       2       2       8   .common     
     average_bandgap                            104       2       2       4   .common     
     sum_temp                                   106       4       4       5   .common     
     sum_bandgap                                10A       4       4       5   .common     
     temperature                                10E       2       2       3   .common     
     reference_temp                             110       2       2       6   .common     
     supply_voltage                             112       2       2       4   .common     
     timeout                                    114       2       2       4   .common     
     m_slope                                    116       2       2       2   .common     
MODULE:                 -- RTSHC08.C.o (ansiis.lib) --
- PROCEDURES:
     _PUSH_ARGS_L                              E46E      20      32       1   .text       
     _ENTER_UNARY_L                            E48E      29      41       1   .text       
     _ENTER_BINARY_L                           E4B7      16      22       2   .text       
     _IDIVMOD                                  E4CD      69     105       1   .text       
     _LADD_k_is_k_plus_j                       E536      1F      31       1   .text       
     _LSUB_k_is_k_minus_j                      E555      1F      31       1   .text       
     _IMUL_STAR08                              E574      27      39       1   .text       
     _IDIVU_STAR08                             E59B       D      13       4   .text       
     _LADD                                     E5A8       6       6       2   .text       
     _LSUB                                     E5AE       6       6       2   .text       
     _LLSR                                     E5B4      16      22       2   .text       
     _POP32                                    E5CA      1A      26       2   .text       
     _Jump_Table_Header_Offset                 E5E4      24      36       1   .text       
- VARIABLES:
MODULE:                 -- Start08.c.o --
- PROCEDURES:
     loadByte                                  E000       E      14       5   .init       
     Init                                      E00E      6D     109       1   .init       
     _Startup                                  E07B       9       9       0   .init       
- VARIABLES:
     _startupData                              E084       6       6       4   .startData  
- LABELS:
     __SEG_END_SSTACK                           168       0       0       1               
MODULE:                 -- MC9S08QG8.C.o --
- PROCEDURES:
- VARIABLES:
     _PTAD                                        0       1       1       0   .abs_section_0
     _PTADD                                       1       1       1       0   .abs_section_1
     _PTBD                                        2       1       1      19   .abs_section_2
     _PTBDD                                       3       1       1       6   .abs_section_3
     _KBISC                                       C       1       1       0   .abs_section_c
     _KBIPE                                       D       1       1       0   .abs_section_d
     _KBIES                                       E       1       1       0   .abs_section_e
     _IRQSC                                       F       1       1       0   .abs_section_f
     _ADCSC1                                     10       1       1       5   .abs_section_10
     _ADCSC2                                     11       1       1       0   .abs_section_11
     _ADCCFG                                     16       1       1       1   .abs_section_16
     _APCTL1                                     17       1       1       0   .abs_section_17
     _ACMPSC                                     1A       1       1       0   .abs_section_1a
     _SCIC1                                      22       1       1       0   .abs_section_22
     _SCIC2                                      23       1       1       0   .abs_section_23
     _SCIS1                                      24       1       1       0   .abs_section_24
     _SCIS2                                      25       1       1       0   .abs_section_25
     _SCIC3                                      26       1       1       0   .abs_section_26
     _SCID                                       27       1       1       0   .abs_section_27
     _SPIC1                                      28       1       1       0   .abs_section_28
     _SPIC2                                      29       1       1       0   .abs_section_29
     _SPIBR                                      2A       1       1       0   .abs_section_2a
     _SPIS                                       2B       1       1       0   .abs_section_2b
     _SPID                                       2D       1       1       0   .abs_section_2d
     _IICA                                       30       1       1       0   .abs_section_30
     _IICF                                       31       1       1       0   .abs_section_31
     _IICC                                       32       1       1       0   .abs_section_32
     _IICS                                       33       1       1       0   .abs_section_33
     _IICD                                       34       1       1       0   .abs_section_34
     _ICSC1                                      38       1       1       0   .abs_section_38
     _ICSC2                                      39       1       1       1   .abs_section_39
     _ICSTRM                                     3A       1       1       1   .abs_section_3a
     _ICSSC                                      3B       1       1       1   .abs_section_3b
     _MTIMSC                                     3C       1       1       0   .abs_section_3c
     _MTIMCLK                                    3D       1       1       0   .abs_section_3d
     _MTIMCNT                                    3E       1       1       0   .abs_section_3e
     _MTIMMOD                                    3F       1       1       0   .abs_section_3f
     _TPMSC                                      40       1       1       2   .abs_section_40
     _TPMC0SC                                    45       1       1       0   .abs_section_45
     _TPMC1SC                                    48       1       1       0   .abs_section_48
     _SRS                                      1800       1       1       0   .abs_section_1800
     _SBDFR                                    1801       1       1       0   .abs_section_1801
     _SOPT1                                    1802       1       1       1   .abs_section_1802
     _SOPT2                                    1803       1       1       0   .abs_section_1803
     _SRTISC                                   1808       1       1       0   .abs_section_1808
     _SPMSC1                                   1809       1       1       1   .abs_section_1809
     _SPMSC2                                   180A       1       1       0   .abs_section_180a
     _SPMSC3                                   180C       1       1       0   .abs_section_180c
     _DBGCAH                                   1810       1       1       0   .abs_section_1810
     _DBGCAL                                   1811       1       1       0   .abs_section_1811
     _DBGCBH                                   1812       1       1       0   .abs_section_1812
     _DBGCBL                                   1813       1       1       0   .abs_section_1813
     _DBGC                                     1816       1       1       0   .abs_section_1816
     _DBGT                                     1817       1       1       0   .abs_section_1817
     _DBGS                                     1818       1       1       0   .abs_section_1818
     _FCDIV                                    1820       1       1       0   .abs_section_1820
     _FOPT                                     1821       1       1       0   .abs_section_1821
     _FCNFG                                    1823       1       1       0   .abs_section_1823
     _FPROT                                    1824       1       1       0   .abs_section_1824
     _FSTAT                                    1825       1       1       0   .abs_section_1825
     _FCMD                                     1826       1       1       0   .abs_section_1826
     _PTAPE                                    1840       1       1       0   .abs_section_1840
     _PTASE                                    1841       1       1       0   .abs_section_1841
     _PTADS                                    1842       1       1       0   .abs_section_1842
     _PTBPE                                    1844       1       1       0   .abs_section_1844
     _PTBSE                                    1845       1       1       0   .abs_section_1845
     _PTBDS                                    1846       1       1       0   .abs_section_1846
     _ADCR                                       12       2       2       2   .abs_section_12
     _ADCCV                                      14       2       2       0   .abs_section_14
     _SCIBD                                      20       2       2       0   .abs_section_20
     _TPMCNT                                     41       2       2       0   .abs_section_41
     _TPMMOD                                     43       2       2       1   .abs_section_43
     _TPMC0V                                     46       2       2       0   .abs_section_46
     _TPMC1V                                     49       2       2       0   .abs_section_49
     _SDID                                     1806       2       2       0   .abs_section_1806
     _DBGF                                     1814       2       2       0   .abs_section_1814

*********************************************************************************************
MODULE STATISTIC
  Name                                      Data   Code  Const
---------------------------------------------------------------------------------------------
  main.c.o                                    24    955     37
  RTSHC08.C.o (ansiis.lib)                     0    410      0
  Start08.c.o                                  0    132      0
  MC9S08QG8.C.o                               85      0      0
  other                                       80     16      2

*********************************************************************************************
SECTION USE IN OBJECT-ALLOCATION SECTION
---------------------------------------------------------------------------------------------
SECTION: ".text"
  LCD_delay_ms LCD_send_nibble LCD_send_byte LCD_init LCD_pos_xy 
  LCD_write_char LCD_write_string tpm_isr adc_isr bin_to_string main 
  _PUSH_ARGS_L _ENTER_UNARY_L _ENTER_BINARY_L _IDIVMOD _LADD_k_is_k_plus_j 
  _LSUB_k_is_k_minus_j _IMUL_STAR08 _IDIVU_STAR08 _LADD _LSUB _LLSR _POP32 
  _Jump_Table_Header_Offset 
SECTION: ".bss"
  lcd_mode adc_seq.1 
SECTION: ".init"
  loadByte Init _Startup 
SECTION: ".rodata1"
  STRING.HCS08.Unleashed..2 STRING.Int.temp....3 STRING.....4 
SECTION: ".abs_section_fff0"
  _Vector_7 
SECTION: ".abs_section_ffd8"
  _Vector_19 
SECTION: ".common"
  average_temp average_bandgap sum_temp sum_bandgap temperature reference_temp 
  supply_voltage timeout m_slope 
SECTION: ".abs_section_0"
  _PTAD 
SECTION: ".abs_section_1"
  _PTADD 
SECTION: ".abs_section_2"
  _PTBD 
SECTION: ".abs_section_3"
  _PTBDD 
SECTION: ".abs_section_c"
  _KBISC 
SECTION: ".abs_section_d"
  _KBIPE 
SECTION: ".abs_section_e"
  _KBIES 
SECTION: ".abs_section_f"
  _IRQSC 
SECTION: ".abs_section_10"
  _ADCSC1 
SECTION: ".abs_section_11"
  _ADCSC2 
SECTION: ".abs_section_16"
  _ADCCFG 
SECTION: ".abs_section_17"
  _APCTL1 
SECTION: ".abs_section_1a"
  _ACMPSC 
SECTION: ".abs_section_22"
  _SCIC1 
SECTION: ".abs_section_23"
  _SCIC2 
SECTION: ".abs_section_24"
  _SCIS1 
SECTION: ".abs_section_25"
  _SCIS2 
SECTION: ".abs_section_26"
  _SCIC3 
SECTION: ".abs_section_27"
  _SCID 
SECTION: ".abs_section_28"
  _SPIC1 
SECTION: ".abs_section_29"
  _SPIC2 
SECTION: ".abs_section_2a"
  _SPIBR 
SECTION: ".abs_section_2b"
  _SPIS 
SECTION: ".abs_section_2d"
  _SPID 
SECTION: ".abs_section_30"
  _IICA 
SECTION: ".abs_section_31"
  _IICF 
SECTION: ".abs_section_32"
  _IICC 
SECTION: ".abs_section_33"
  _IICS 
SECTION: ".abs_section_34"
  _IICD 
SECTION: ".abs_section_38"
  _ICSC1 
SECTION: ".abs_section_39"
  _ICSC2 
SECTION: ".abs_section_3a"
  _ICSTRM 
SECTION: ".abs_section_3b"
  _ICSSC 
SECTION: ".abs_section_3c"
  _MTIMSC 
SECTION: ".abs_section_3d"
  _MTIMCLK 
SECTION: ".abs_section_3e"
  _MTIMCNT 
SECTION: ".abs_section_3f"
  _MTIMMOD 
SECTION: ".abs_section_40"
  _TPMSC 
SECTION: ".abs_section_45"
  _TPMC0SC 
SECTION: ".abs_section_48"
  _TPMC1SC 
SECTION: ".abs_section_1800"
  _SRS 
SECTION: ".abs_section_1801"
  _SBDFR 
SECTION: ".abs_section_1802"
  _SOPT1 
SECTION: ".abs_section_1803"
  _SOPT2 
SECTION: ".abs_section_1808"
  _SRTISC 
SECTION: ".abs_section_1809"
  _SPMSC1 
SECTION: ".abs_section_180a"
  _SPMSC2 
SECTION: ".abs_section_180c"
  _SPMSC3 
SECTION: ".abs_section_1810"
  _DBGCAH 
SECTION: ".abs_section_1811"
  _DBGCAL 
SECTION: ".abs_section_1812"
  _DBGCBH 
SECTION: ".abs_section_1813"
  _DBGCBL 
SECTION: ".abs_section_1816"
  _DBGC 
SECTION: ".abs_section_1817"
  _DBGT 
SECTION: ".abs_section_1818"
  _DBGS 
SECTION: ".abs_section_1820"
  _FCDIV 
SECTION: ".abs_section_1821"
  _FOPT 
SECTION: ".abs_section_1823"
  _FCNFG 
SECTION: ".abs_section_1824"
  _FPROT 
SECTION: ".abs_section_1825"
  _FSTAT 
SECTION: ".abs_section_1826"
  _FCMD 
SECTION: ".abs_section_1840"
  _PTAPE 
SECTION: ".abs_section_1841"
  _PTASE 
SECTION: ".abs_section_1842"
  _PTADS 
SECTION: ".abs_section_1844"
  _PTBPE 
SECTION: ".abs_section_1845"
  _PTBSE 
SECTION: ".abs_section_1846"
  _PTBDS 
SECTION: ".abs_section_12"
  _ADCR 
SECTION: ".abs_section_14"
  _ADCCV 
SECTION: ".abs_section_20"
  _SCIBD 
SECTION: ".abs_section_41"
  _TPMCNT 
SECTION: ".abs_section_43"
  _TPMMOD 
SECTION: ".abs_section_46"
  _TPMC0V 
SECTION: ".abs_section_49"
  _TPMC1V 
SECTION: ".abs_section_1806"
  _SDID 
SECTION: ".abs_section_1814"
  _DBGF 

*********************************************************************************************
OBJECT LIST SORTED BY ADDRESS
     Name                                      Addr   hSize   dSize     Ref    Section   RLIB
---------------------------------------------------------------------------------------------
     _PTAD                                        0       1       1       0   .abs_section_0
     _PTADD                                       1       1       1       0   .abs_section_1
     _PTBD                                        2       1       1      19   .abs_section_2
     _PTBDD                                       3       1       1       6   .abs_section_3
     _KBISC                                       C       1       1       0   .abs_section_c
     _KBIPE                                       D       1       1       0   .abs_section_d
     _KBIES                                       E       1       1       0   .abs_section_e
     _IRQSC                                       F       1       1       0   .abs_section_f
     _ADCSC1                                     10       1       1       5   .abs_section_10
     _ADCSC2                                     11       1       1       0   .abs_section_11
     _ADCR                                       12       2       2       2   .abs_section_12
     _ADCCV                                      14       2       2       0   .abs_section_14
     _ADCCFG                                     16       1       1       1   .abs_section_16
     _APCTL1                                     17       1       1       0   .abs_section_17
     _ACMPSC                                     1A       1       1       0   .abs_section_1a
     _SCIBD                                      20       2       2       0   .abs_section_20
     _SCIC1                                      22       1       1       0   .abs_section_22
     _SCIC2                                      23       1       1       0   .abs_section_23
     _SCIS1                                      24       1       1       0   .abs_section_24
     _SCIS2                                      25       1       1       0   .abs_section_25
     _SCIC3                                      26       1       1       0   .abs_section_26
     _SCID                                       27       1       1       0   .abs_section_27
     _SPIC1                                      28       1       1       0   .abs_section_28
     _SPIC2                                      29       1       1       0   .abs_section_29
     _SPIBR                                      2A       1       1       0   .abs_section_2a
     _SPIS                                       2B       1       1       0   .abs_section_2b
     _SPID                                       2D       1       1       0   .abs_section_2d
     _IICA                                       30       1       1       0   .abs_section_30
     _IICF                                       31       1       1       0   .abs_section_31
     _IICC                                       32       1       1       0   .abs_section_32
     _IICS                                       33       1       1       0   .abs_section_33
     _IICD                                       34       1       1       0   .abs_section_34
     _ICSC1                                      38       1       1       0   .abs_section_38
     _ICSC2                                      39       1       1       1   .abs_section_39
     _ICSTRM                                     3A       1       1       1   .abs_section_3a
     _ICSSC                                      3B       1       1       1   .abs_section_3b
     _MTIMSC                                     3C       1       1       0   .abs_section_3c
     _MTIMCLK                                    3D       1       1       0   .abs_section_3d
     _MTIMCNT                                    3E       1       1       0   .abs_section_3e
     _MTIMMOD                                    3F       1       1       0   .abs_section_3f
     _TPMSC                                      40       1       1       2   .abs_section_40
     _TPMCNT                                     41       2       2       0   .abs_section_41
     _TPMMOD                                     43       2       2       1   .abs_section_43
     _TPMC0SC                                    45       1       1       0   .abs_section_45
     _TPMC0V                                     46       2       2       0   .abs_section_46
     _TPMC1SC                                    48       1       1       0   .abs_section_48
     _TPMC1V                                     49       2       2       0   .abs_section_49
     lcd_mode                                   100       1       1       1   .bss        
     adc_seq.1                                  101       1       1       3   .bss        
     average_temp                               102       2       2       8   .common     
     average_bandgap                            104       2       2       4   .common     
     sum_temp                                   106       4       4       5   .common     
     sum_bandgap                                10A       4       4       5   .common     
     temperature                                10E       2       2       3   .common     
     reference_temp                             110       2       2       6   .common     
     supply_voltage                             112       2       2       4   .common     
     timeout                                    114       2       2       4   .common     
     m_slope                                    116       2       2       2   .common     
     _SRS                                      1800       1       1       0   .abs_section_1800
     _SBDFR                                    1801       1       1       0   .abs_section_1801
     _SOPT1                                    1802       1       1       1   .abs_section_1802
     _SOPT2                                    1803       1       1       0   .abs_section_1803
     _SDID                                     1806       2       2       0   .abs_section_1806
     _SRTISC                                   1808       1       1       0   .abs_section_1808
     _SPMSC1                                   1809       1       1       1   .abs_section_1809
     _SPMSC2                                   180A       1       1       0   .abs_section_180a
     _SPMSC3                                   180C       1       1       0   .abs_section_180c
     _DBGCAH                                   1810       1       1       0   .abs_section_1810
     _DBGCAL                                   1811       1       1       0   .abs_section_1811
     _DBGCBH                                   1812       1       1       0   .abs_section_1812
     _DBGCBL                                   1813       1       1       0   .abs_section_1813
     _DBGF                                     1814       2       2       0   .abs_section_1814
     _DBGC                                     1816       1       1       0   .abs_section_1816
     _DBGT                                     1817       1       1       0   .abs_section_1817
     _DBGS                                     1818       1       1       0   .abs_section_1818
     _FCDIV                                    1820       1       1       0   .abs_section_1820
     _FOPT                                     1821       1       1       0   .abs_section_1821
     _FCNFG                                    1823       1       1       0   .abs_section_1823
     _FPROT                                    1824       1       1       0   .abs_section_1824
     _FSTAT                                    1825       1       1       0   .abs_section_1825
     _FCMD                                     1826       1       1       0   .abs_section_1826
     _PTAPE                                    1840       1       1       0   .abs_section_1840
     _PTASE                                    1841       1       1       0   .abs_section_1841
     _PTADS                                    1842       1       1       0   .abs_section_1842
     _PTBPE                                    1844       1       1       0   .abs_section_1844
     _PTBSE                                    1845       1       1       0   .abs_section_1845
     _PTBDS                                    1846       1       1       0   .abs_section_1846
     loadByte                                  E000       E      14       5   .init       
     Init                                      E00E      6D     109       1   .init       
     _Startup                                  E07B       9       9       0   .init       
     STRING.HCS08.Unleashed..2                 E092      11      17       1   .rodata1    
     STRING.Int.temp....3                      E0A3       C      12       1   .rodata1    
     STRING.....4                              E0AF       4       4       1   .rodata1    
     LCD_delay_ms                              E0B3      23      35       3   .text       
     LCD_send_nibble                           E0D6      39      57       4   .text       
     LCD_send_byte                             E10F      34      52       7   .text       
     LCD_init                                  E143      5A      90       1   .text       
     LCD_pos_xy                                E19D      1D      29       4   .text       
     LCD_write_char                            E1BA      30      48       2   .text       
     LCD_write_string                          E1EA      19      25       3   .text       
     tpm_isr                                   E203      14      20       1   .text       
     adc_isr                                   E217      6E     110       1   .text       
     bin_to_string                             E285      7B     123       1   .text       
     main                                      E300     16E     366       6   .text       
     _PUSH_ARGS_L                              E46E      20      32       1   .text       
     _ENTER_UNARY_L                            E48E      29      41       1   .text       
     _ENTER_BINARY_L                           E4B7      16      22       2   .text       
     _IDIVMOD                                  E4CD      69     105       1   .text       
     _LADD_k_is_k_plus_j                       E536      1F      31       1   .text       
     _LSUB_k_is_k_minus_j                      E555      1F      31       1   .text       
     _IMUL_STAR08                              E574      27      39       1   .text       
     _IDIVU_STAR08                             E59B       D      13       4   .text       
     _LADD                                     E5A8       6       6       2   .text       
     _LSUB                                     E5AE       6       6       2   .text       
     _LLSR                                     E5B4      16      22       2   .text       
     _POP32                                    E5CA      1A      26       2   .text       
     _Jump_Table_Header_Offset                 E5E4      24      36       1   .text       
     _Vector_19                                FFD8       2       2       0   .abs_section_ffd8
     _Vector_7                                 FFF0       2       2       0   .abs_section_fff0

*********************************************************************************************
UNUSED-OBJECTS SECTION
---------------------------------------------------------------------------------------------
NOT USED PROCEDURES
main.c.o:
  LCD_display_on LCD_display_off LCD_cursor_on LCD_cursor_off 
  LCD_cursor_blink_on LCD_cursor_blink_off 
RTSHC08.C.o (ansiis.lib):
  _PUSH_ARGS_D _ENTER_UNARY_L64 _ENTER_UNARY_L64_4 _ENTER_BINARY_L_RC 
  _ENTER_BINARY_L_LC _ENTER_BINARY_L64 _ENTER_BINARY_L64_LC 
  _ENTER_BINARY_L64_RC _SPLITSIGN _k_is_k_plus_j_l _k_is_k_plus_j_i 
  _LAND_k_is_k_and_j _LOR_k_is_k_or_j _LXOR_k_is_k_xor_j _LMUL_k_is_k_mul_j 
  _LDIVMOD _NEG_L_HX _ABS_L_HX _SPLITSIGN_L _LMODU_k_is_k_mod_j 
  _LDIVU_k_is_k_div_j _LMODS_k_is_k_mod_j _LDIVS_k_is_k_div_j _LCMP_k_rel_j 
  _CMP24_k_rel_j _BMULS _BDIVS _BMODS _IDIVS_STAR08 _IMODS_STAR08 _IMODU_STAR08 
  _IDIVU_8 _IMODU_8 _IASR _ILSR _ILSL _ICMP _LINC _LDEC _LNEG _LNOT _LADD_RC 
  _LSUB_LC _LSUB_RC _LAND _LAND_RC _LOR _LOR_RC _LXOR _LXOR_RC _LMUL _LMUL_RC 
  _LDIVS _LDIVS_LC _LDIVS_RC _LDIVU _LDIVU_LC _LDIVU_RC _LMODS _LMODS_LC 
  _LMODS_RC _LMODU _LMODU_LC _LMODU_RC _LASR _LLSL _LCMP _LCMP_RC _CMP24 
  _CMP24_RC _COPY _COPY_L _POP64 _STORE32 _STORE64 _SEXT8_32 _SEXT16_32 
  _CALL_STAR08 _CALL_STAR08_FAR _Jump_Table_Addr _Jump_Table_Offset 
  _Jump_Table_Header_Addr _Search_Table_16_Addr _Search_Table_16_Offset 
  _Search_Table_8_Addr _Search_Table_8_Offset _PUSH_CC _POP_CC 
  _CONV_FAR_TO_NEAR _CONV_FAR_TO_LINEAR _CONV_LINEAR_TO_FAR 
NOT USED VARIABLES
RTSHC08.C.o (ansiis.lib):
  _PowOfTwo_8 _PowOfTwo_16 _PowOfTwo_32 errno 

*********************************************************************************************
COPYDOWN SECTION
---------------------------------------------------------------------------------------------
------- ROM-ADDRESS: 0xE608 ---- SIZE       2 ---
Filling bytes inserted
 0000

*********************************************************************************************
OBJECT-DEPENDENCIES SECTION
---------------------------------------------------------------------------------------------
Init                      USES _startupData loadByte 
_Startup                  USES __SEG_END_SSTACK Init main 
LCD_send_nibble           USES _PTBD 
LCD_send_byte             USES _PTBD LCD_send_nibble 
LCD_init                  USES _PTBDD _PTBD LCD_delay_ms LCD_send_nibble 
                                LCD_send_byte lcd_mode 
LCD_pos_xy                USES LCD_send_byte 
LCD_write_char            USES _Jump_Table_Header_Offset LCD_send_byte 
                                LCD_delay_ms LCD_pos_xy 
LCD_write_string          USES LCD_write_char 
tpm_isr                   USES _TPMSC timeout 
adc_isr                   USES adc_seq.1 _ADCR sum_temp _LADD average_temp 
                                _LSUB _POP32 _ADCSC1 sum_bandgap average_bandgap 
bin_to_string             USES _IDIVU_STAR08 
main                      USES _SOPT1 _ICSSC _ICSTRM _ICSC2 _SPMSC1 _ADCCFG 
                                _ADCSC1 _TPMSC _TPMMOD LCD_init LCD_write_char 
                                LCD_pos_xy STRING.HCS08.Unleashed..2 LCD_write_string 
                                STRING.Int.temp....3 main sum_temp sum_bandgap average_temp 
                                average_bandgap _LLSR _IDIVU_STAR08 supply_voltage 
                                reference_temp timeout m_slope temperature bin_to_string 
                                STRING.....4 _IMUL_STAR08 
_ENTER_BINARY_L           USES _PUSH_ARGS_L 
_IDIVU_STAR08             USES _IDIVMOD 
_LADD                     USES _ENTER_BINARY_L _LADD_k_is_k_plus_j 
_LSUB                     USES _ENTER_BINARY_L _LSUB_k_is_k_minus_j 
_LLSR                     USES _ENTER_UNARY_L 
_Vector_19                USES adc_isr 
_Vector_7                 USES tpm_isr 

*********************************************************************************************
DEPENDENCY TREE
*********************************************************************************************
 main and _Startup Group
 | 
 +- main                
 |  | 
 |  +- LCD_init            
 |  |  | 
 |  |  +- LCD_delay_ms        
 |  |  |    
 |  |  +- LCD_send_nibble     
 |  |  |    
 |  |  +- LCD_send_byte       
 |  |     | 
 |  |     +- LCD_send_nibble      (see above)
 |  |        
 |  +- LCD_write_char      
 |  |  | 
 |  |  +- _Jump_Table_Header_Offset
 |  |  |    
 |  |  +- LCD_send_byte        (see above)
 |  |  |  
 |  |  +- LCD_delay_ms         (see above)
 |  |  |  
 |  |  +- LCD_pos_xy          
 |  |     | 
 |  |     +- LCD_send_byte        (see above)
 |  |        
 |  +- LCD_pos_xy           (see above)
 |  |  
 |  +- LCD_write_string    
 |  |  | 
 |  |  +- LCD_write_char       (see above)
 |  |     
 |  +- _LLSR               
 |  |  | 
 |  |  +- _ENTER_UNARY_L      
 |  |       
 |  +- _IDIVU_STAR08       
 |  |  | 
 |  |  +- _IDIVMOD            
 |  |       
 |  +- bin_to_string       
 |  |  | 
 |  |  +- _IDIVU_STAR08        (see above)
 |  |     
 |  +- _IMUL_STAR08        
 |       
 +- _Startup            
    | 
    +- Init                
    |  | 
    |  +- loadByte            
    |       
    +- main                 (see above)
       
 _Vector_7           
 | 
 +- tpm_isr             
      
 _Vector_19          
 | 
 +- adc_isr             
    | 
    +- _LADD               
    |  | 
    |  +- _ENTER_BINARY_L     
    |  |  | 
    |  |  +- _PUSH_ARGS_L        
    |  |       
    |  +- _LADD_k_is_k_plus_j 
    |       
    +- _LSUB               
    |  | 
    |  +- _ENTER_BINARY_L      (see above)
    |  |  
    |  +- _LSUB_k_is_k_minus_j
    |       
    +- _POP32              
         
*********************************************************************************************
STATISTIC SECTION
---------------------------------------------------------------------------------------------

ExeFile:
--------
Number of blocks to be downloaded: 7
Total size of all blocks to be downloaded: 1552

